2026-10-01T19:11:54Z step=recall provider=digitalocean skipped=0 traps=0 conf=10 msg="knowledge base not built; nothing to recall"
2026-10-01T19:11:56Z step=probe ref=04 verdict=contradicted conf=10 msg="fetch the uppercase tag by its lowercased name: predicted 200, got 404"
2026-10-01T19:11:56Z step=probe ref=05 verdict=contradicted conf=10 msg="create a tag whose name contains a space: predicted 422, got 400"
2026-10-01T19:11:56Z step=probe ref=06 verdict=contradicted conf=10 msg="create a tag whose name contains '/': predicted 422, got 400"
2026-10-01T19:11:56Z step=probe ref=07 verdict=contradicted conf=10 msg="attach an existing tag to a droplet id that does not exist: predicted 404, got 204"
2026-10-01T19:11:58Z step=probe ref=11 verdict=contradicted conf=10 msg="attach the tag to the firewall as a resource: predicted 422, got 204"
2026-10-01T19:11:59Z step=probe ref=13 verdict=contradicted conf=10 msg="attach the tag to the domain as a resource: predicted 422, got 404"
2026-10-01T19:12:00Z step=probe ref=19 verdict=contradicted conf=10 msg="a firewall name shaped aiform-<deployment>-<name>, with '_' and '.': predicted 202, got 422"
2026-10-01T19:12:02Z step=probe count=24 contradicted=7 msg="session digitalocean_resource_tags"
2026-10-01T19:12:27Z step=recall provider=digitalocean skipped=0 traps=0 conf=10 msg="knowledge base not built; nothing to recall"
2026-10-01T19:12:28Z step=probe ref=04 verdict=contradicted conf=10 msg="fetch the uppercase tag by its lowercased name: predicted 200, got 404"
2026-10-01T19:12:29Z step=probe ref=05 verdict=contradicted conf=10 msg="create a tag whose name contains a space: predicted 422, got 400"
2026-10-01T19:12:29Z step=probe ref=06 verdict=contradicted conf=10 msg="create a tag whose name contains '/': predicted 422, got 400"
2026-10-01T19:12:29Z step=probe ref=07 verdict=contradicted conf=10 msg="attach an existing tag to a droplet id that does not exist: predicted 404, got 204"
2026-10-01T19:12:31Z step=probe ref=11 verdict=contradicted conf=10 msg="attach the tag to the firewall as a resource: predicted 422, got 204"
2026-10-01T19:12:31Z step=probe ref=13 verdict=contradicted conf=10 msg="attach the tag to the tagless firewall as a resource: predicted 422, got 204"
2026-10-01T19:12:32Z step=probe ref=16 verdict=contradicted conf=10 msg="attach the tag to the domain as a resource: predicted 422, got 404"
2026-10-01T19:12:34Z step=probe ref=22 verdict=contradicted conf=10 msg="a firewall name shaped aiform-<deployment>-<name>, with '_' and '.': predicted 202, got 422"
2026-10-01T19:12:34Z step=probe ref=23 verdict=contradicted conf=10 msg="a firewall name containing '_' only: predicted 202, got 422"
2026-10-01T19:12:37Z step=probe count=31 contradicted=9 msg="session digitalocean_resource_tags"
2026-10-01T19:40:00Z step=spec ref=firewall/tag cites=11,13,14,29 msg="a firewall cannot carry a tag: attach is a silent 204 no-op, tags stays []; deployment name goes in the firewall name"
2026-10-01T19:40:00Z step=spec ref=firewall/name cites=21,23,24,25,26,27,28 msg="firewall name rejects ':' and '_', accepts '.', uppercase, leading digit, 255 chars; '_' in a deployment name maps to '-'"
2026-10-01T19:40:00Z step=spec ref=domain/tag cites=16,17 msg="a domain cannot carry a tag: attach is 404 and the record has no tags key; TXT marker at the apex instead"
2026-10-01T19:40:00Z step=spec ref=domain/marker cites=18,19,20 msg="a second apex TXT rectifies the first one's ttl; marker must take the ttl of any user apex TXT"
2026-10-01T19:40:00Z step=spec ref=tag/name cites=01,03,04 msg="tag names keep case and are case-sensitive; ':' is allowed; no case folding needed in the reserved-tag check"
2026-10-01T19:40:00Z step=note ref=open/droplet msg="tag behavior on droplet create and delete not probed: droplets bill and were ruled out"
